
> guru-zone@0.1.0 build
> next build

▲ Next.js 16.1.3 (Turbopack)
- Environments: .env.local

  Creating an optimized production build ...

> Build error occurred
Error: Turbopack build failed with 1 errors:
./src/app/api/admin/tournaments/[id]/credentials/route.ts:46:15
Ecmascript file had an error
[0m [90m 44 |[39m         }
 [90m 45 |[39m
[31m[1m>[22m[39m[90m 46 |[39m         [36mconst[39m tournament [33m=[39m [36mawait[39m [33mTournament[39m[33m.[39mfindByIdAndUpdate(
 [90m    |[39m               [31m[1m^[22m[39m[31m[1m^[22m[39m[31m[1m^[22m[39m[31m[1m^[22m[39m[31m[1m^[22m[39m[31m[1m^[22m[39m[31m[1m^[22m[39m[31m[1m^[22m[39m[31m[1m^[22m[39m[31m[1m^[22m[39m
 [90m 47 |[39m             id[33m,[39m
 [90m 48 |[39m             {
 [90m 49 |[39m                 roomID[33m,[39m[0m

the name `tournament` is defined multiple times


    at <unknown> (./src/app/api/admin/tournaments/[id]/credentials/route.ts:46:15)
